
[1m[46m RUN [49m[22m [36mv4.1.2 [39m[90mE:/ai-language-tutor[39m

[90mstdout[2m | src/tests/relevanceGating.test.ts[2m > [22m[2mRelevance Gating & Verification Mode[2m > [22m[2mshould penalize an off-topic response by capping the score and blocking skill credit
[22m[39m[Relevance Gate] Task b1-write-01 missing points: challenge, resolution

node.exe : 
[90mstderr[2m | src/tes
ts/relevanceGating.test.t
s[2m > 
[22m[2mRelevance 
Gating & Verification 
Mode[2m > 
[22m[2mshould penalize 
an off-topic response by 
capping the score and 
blocking skill credit
At line:1 char:1
+ & "C:\Program 
Files\nodejs/node.exe" 
"C:\Program 
Files\nodejs/node_mo ...
+ ~~~~~~~~~~~~~~~~~~~~~~~
~~~~~~~~~~~~~~~~~~~~~~~~~
~~~~~~~~~~~~~~~~~~~~~
    + CategoryInfo       
       : NotSpecified:   
  ([90mstderr[2m...n   
 g skill credit:Strin    
g) [], RemoteExcepti    
on
    + FullyQualifiedErro 
   rId : NativeCommandE  
  rror
 
[22m[39m[Relevance 
Gate] Task b1-write-01 
is OFF-TOPIC. Capping 
score and blocking 
credit.

[90mstdout[2m | src/tests/relevanceGating.test.ts[2m > [22m[2mRelevance Gating & Verification Mode[2m > [22m[2mshould trigger Verification Mode after an off-topic response
[22m[39m[Relevance Gate] Task b1-write-01 missing points: challenge

[90mstderr[2m | src/tes
ts/relevanceGating.test.t
s[2m > 
[22m[2mRelevance 
Gating & Verification 
Mode[2m > 
[22m[2mshould trigger 
Verification Mode after 
an off-topic response
[22m[39m[Relevance 
Gate] Task b1-write-01 
is OFF-TOPIC. Capping 
score and blocking 
credit.

[90mstdout[2m | src/tests/relevanceGating.test.ts[2m > [22m[2mRelevance Gating & Verification Mode[2m > [22m[2mshould trigger Verification Mode after an off-topic response
[22m[39m[Selection] Cold Start Bonus for a2-speak-01: +20 (Broad Spectrum: 3 skills)
[Selection] Cold Start Bonus for a2-write-01: +20 (Broad Spectrum: 3 skills)
[Selection] Cold Start Bonus for b1-write-01: +20 (Broad Spectrum: 3 skills)
[Selection] Cold Start Bonus for b1-speak-01: +20 (Broad Spectrum: 3 skills)
[Selection] Cold Start Bonus for b2-write-01: +20 (Broad Spectrum: 3 skills)
[Selection] Cold Start Bonus for b2-speak-01: +20 (Broad Spectrum: 3 skills)
[Selection] Cold Start Bonus for c1-write-01: +20 (Broad Spectrum: 3 skills)

[90mstdout[2m | src/tests/relevanceGating.test.ts[2m > [22m[2mRelevance Gating & Verification Mode[2m > [22m[2mshould reduce credit for incomplete responses without marking as total failure
[22m[39m[Relevance Gate] Task a2-speak-01 incomplete (0.5). Reducing credit.
[Relevance Gate] Task a2-speak-01 missing points: job/status

 [31mÔØ»[39m src/tests/relevanceGating.test.ts [2m([22m[2m3 tests[22m[2m | [22m[31m2 failed[39m[2m)[22m[32m 41[2mms[22m[39m
[31m     [31m├ù[31m should penalize an off-topic response by capping the score and blocking skill credit[39m[32m 27[2mms[22m[39m
[31m     [31m├ù[31m should trigger Verification Mode after an off-topic response[39m[32m 9[2mms[22m[39m
     [32mÔ£ô[39m should reduce credit for incomplete responses without marking as total failure[32m 2[2mms[22m[39m

[31mÔÄ»ÔÄ»ÔÄ»ÔÄ»ÔÄ»ÔÄ»ÔÄ
»[39m[1m[41m Failed 
Tests 2 [49m[22m[31mÔÄ
»ÔÄ»ÔÄ»ÔÄ»ÔÄ»ÔÄ»ÔÄ»[39m

[41m[1m FAIL 
[22m[49m src/tests/rele
vanceGating.test.ts[2m 
> [22mRelevance Gating 
& Verification Mode[2m 
> [22mshould penalize 
an off-topic response by 
capping the score and 
blocking skill credit
[31m[1mAssertionError[
22m: expected undefined 
to be true // Object.is 
equality[39m

[32m- Expected:[39m
true

[31m+ Received:[39m
undefined

[36m [2mÔØ»[22m src/te
sts/relevanceGating.test.
ts:[2m62:33[22m[39m
    [90m 60|[39m     [
34mexpect[39m(lastRecord
[33m.[39mscore)[33m.[
39m[34mtoBeLessThanOrEqu
al[39m([34m0.2[39m)[3
3m;[39m
    [90m 61|[39m     [
34mexpect[39m(lastRecord
[33m.[39mcorrect)[33m.
[39m[34mtoBe[39m([35m
false[39m)[33m;[39m
    [90m 62|[39m     [
34mexpect[39m(lastEval[
33m.[39misOffTopic)[33m
.[39m[34mtoBe[39m([35
mtrue[39m)[33m;[39m
    [90m   |[39m       
                         
 [31m^[39m
    [90m 63|[39m
    [90m 64|[39m     
// Verify skill evidence 
dampening (writing 
weight should be reducÔÇª

[31m[2mÔÄ»ÔÄ»ÔÄ»ÔÄ»ÔÄ»Ô
Ä»ÔÄ»ÔÄ»ÔÄ»ÔÄ»ÔÄ»ÔÄ»ÔÄ»ÔÄ
»ÔÄ»ÔÄ»ÔÄ»ÔÄ»ÔÄ»ÔÄ»ÔÄ»ÔÄ»
ÔÄ»ÔÄ»[1/2]ÔÄ»[22m[39m

[41m[1m FAIL 
[22m[49m src/tests/rele
vanceGating.test.ts[2m 
> [22mRelevance Gating 
& Verification Mode[2m 
> [22mshould trigger 
Verification Mode after 
an off-topic response
[31m[1mAssertionError[
22m: expected 'speaking' 
to be 'writing' // 
Object.is equality[39m

Expected: [32m"[7mwrit
[27ming"[39m
Received: [31m"[7mspeak
[27ming"[39m

[36m [2mÔØ»[22m src/te
sts/relevanceGating.test.
ts:[2m92:39[22m[39m
    [90m 90|[39m
    [90m 91|[39m     
// Verify next question 
is the same skill and 
same difficulty (VerÔÇª
    [90m 92|[39m     [
34mexpect[39m(nextQuesti
on[33m.[39mprimarySkill
)[33m.[39m[34mtoBe[39
m(question[33m.[39mprim
arySkill)[33m;[39m
    [90m   |[39m       
                         
       [31m^[39m
    [90m 93|[39m     [
34mexpect[39m(nextQuesti
on[33m.[39mdifficulty)
[33m.[39m[34mtoBe[39m(
question[33m.[39mdiffic
ulty)[33m;[39m
    [90m 94|[39m   
})[33m;[39m

[31m[2mÔÄ»ÔÄ»ÔÄ»ÔÄ»ÔÄ»Ô
Ä»ÔÄ»ÔÄ»ÔÄ»ÔÄ»ÔÄ»ÔÄ»ÔÄ»ÔÄ
»ÔÄ»ÔÄ»ÔÄ»ÔÄ»ÔÄ»ÔÄ»ÔÄ»ÔÄ»
ÔÄ»ÔÄ»[2/2]ÔÄ»[22m[39m


[2m Test Files [22m [1m[31m1 failed[39m[22m[90m (1)[39m
[2m      Tests [22m [1m[31m2 failed[39m[22m[2m | [22m[1m[32m1 passed[39m[22m[90m (3)[39m
[2m   Start at [22m 15:56:42
[2m   Duration [22m 935ms[2m (transform 315ms, setup 0ms, import 388ms, tests 41ms, environment 0ms)[22m

